// Jest Snapshot v1, https://goo.gl/fbAQLP

exports[`CCNResultView.tsx Render Properly 1`] = `
Object {
  "asFragment": [Function],
  "baseElement": <body>
    <div>
      <div
        class="resultContainer"
      >
        <div
          class="resultContentContainer"
        >
          <div
            class="resultContent"
          >
            <p
              class="txtResultTitle"
            >
              Your helmet are...
            </p>
            <p
              class="txtResultHelm"
            >
              Newway
            </p>
            <p
              class="txtResultDesc mt-[25px]"
            >
              Claim your 
              <b>
                50% discount
              </b>
               with this promo code
            </p>
            <button
              aria-label=""
              class="btnActionContainer px-[10px]
        btnActionFilled 
        mt-[20px] mr-[25px] !w-[175px]"
              data-mui-internal-clone-element="true"
            >
              <p
                class="btnActionText"
              >
                NEWWAY20
              </p>
            </button>
          </div>
          <div
            class="resultPicture"
          >
            <img
              alt="helmet"
              src="test-file-stub"
            />
          </div>
        </div>
      </div>
    </div>
  </body>,
  "container": <div>
    <div
      class="resultContainer"
    >
      <div
        class="resultContentContainer"
      >
        <div
          class="resultContent"
        >
          <p
            class="txtResultTitle"
          >
            Your helmet are...
          </p>
          <p
            class="txtResultHelm"
          >
            Newway
          </p>
          <p
            class="txtResultDesc mt-[25px]"
          >
            Claim your 
            <b>
              50% discount
            </b>
             with this promo code
          </p>
          <button
            aria-label=""
            class="btnActionContainer px-[10px]
        btnActionFilled 
        mt-[20px] mr-[25px] !w-[175px]"
            data-mui-internal-clone-element="true"
          >
            <p
              class="btnActionText"
            >
              NEWWAY20
            </p>
          </button>
        </div>
        <div
          class="resultPicture"
        >
          <img
            alt="helmet"
            src="test-file-stub"
          />
        </div>
      </div>
    </div>
  </div>,
  "debug": [Function],
  "findAllByAltText": [Function],
  "findAllByDisplayValue": [Function],
  "findAllByLabelText": [Function],
  "findAllByPlaceholderText": [Function],
  "findAllByRole": [Function],
  "findAllByTestId": [Function],
  "findAllByText": [Function],
  "findAllByTitle": [Function],
  "findByAltText": [Function],
  "findByDisplayValue": [Function],
  "findByLabelText": [Function],
  "findByPlaceholderText": [Function],
  "findByRole": [Function],
  "findByTestId": [Function],
  "findByText": [Function],
  "findByTitle": [Function],
  "getAllByAltText": [Function],
  "getAllByDisplayValue": [Function],
  "getAllByLabelText": [Function],
  "getAllByPlaceholderText": [Function],
  "getAllByRole": [Function],
  "getAllByTestId": [Function],
  "getAllByText": [Function],
  "getAllByTitle": [Function],
  "getByAltText": [Function],
  "getByDisplayValue": [Function],
  "getByLabelText": [Function],
  "getByPlaceholderText": [Function],
  "getByRole": [Function],
  "getByTestId": [Function],
  "getByText": [Function],
  "getByTitle": [Function],
  "queryAllByAltText": [Function],
  "queryAllByDisplayValue": [Function],
  "queryAllByLabelText": [Function],
  "queryAllByPlaceholderText": [Function],
  "queryAllByRole": [Function],
  "queryAllByTestId": [Function],
  "queryAllByText": [Function],
  "queryAllByTitle": [Function],
  "queryByAltText": [Function],
  "queryByDisplayValue": [Function],
  "queryByLabelText": [Function],
  "queryByPlaceholderText": [Function],
  "queryByRole": [Function],
  "queryByTestId": [Function],
  "queryByText": [Function],
  "queryByTitle": [Function],
  "rerender": [Function],
  "unmount": [Function],
}
`;
